[autodl] run_id=20260914-132634-ttfl-t018r2-science
[autodl] started_at=2026-09-14T13:26:40+08:00
T018R_MATCHED_SOLVER_CLIENT 0 seconds 1.3
T018R_MATCHED_SOLVER_CLIENT 1 seconds 1.7
T018R_MATCHED_SOLVER_CLIENT 2 seconds 2.0
T018R_MATCHED_SOLVER_CLIENT 3 seconds 2.3
T018R_MATCHED_SOLVER_CLIENT 4 seconds 2.7
T018R_MATCHED_SOLVER_CLIENT 5 seconds 3.0
T018R_MATCHED_SOLVER_CLIENT 6 seconds 3.3
T018R_MATCHED_SOLVER_CLIENT 7 seconds 3.6
T018R_MATCHED_SOLVER_CLIENT 8 seconds 4.0
T018R_MATCHED_SOLVER_CLIENT 9 seconds 4.3
T018R_MATCHED_SOLVER_CLIENT 10 seconds 4.6
T018R_MATCHED_SOLVER_CLIENT 11 seconds 4.9
T018R_MATCHED_SOLVER_CLIENT 12 seconds 5.3
T018R_MATCHED_SOLVER_CLIENT 13 seconds 5.6
T018R_MATCHED_SOLVER_CLIENT 14 seconds 5.9
T018R_MATCHED_SOLVER_CLIENT 15 seconds 6.2
T018R_MATCHED_SOLVER_CLIENT 16 seconds 6.5
T018R_MATCHED_SOLVER_CLIENT 17 seconds 6.8
T018R_MATCHED_SOLVER_CLIENT 18 seconds 7.1
T018R_MATCHED_SOLVER_CLIENT 19 seconds 7.5
T018R_MATCHED_SOLVER_CLIENT 20 seconds 7.7
T018R_MATCHED_SOLVER_CLIENT 21 seconds 8.1
T018R_MATCHED_SOLVER_CLIENT 22 seconds 8.4
T018R_MATCHED_SOLVER_CLIENT 23 seconds 8.7
T018R_MATCHED_SOLVER_CLIENT 24 seconds 9.0
T018R_MATCHED_SOLVER_CLIENT 25 seconds 9.4
T018R_MATCHED_SOLVER_CLIENT 26 seconds 9.6
T018R_MATCHED_SOLVER_CLIENT 27 seconds 9.9
T018R_MATCHED_SOLVER_CLIENT 28 seconds 10.3
T018R_MATCHED_SOLVER_CLIENT 29 seconds 10.5
T018R_MATCHED_SOLVER_CLIENT 30 seconds 10.8
T018R_MATCHED_SOLVER_CLIENT 31 seconds 11.1
T018R_MATCHED_SOLVER_CLIENT 32 seconds 11.4
T018R_MATCHED_SOLVER_CLIENT 33 seconds 11.8
T018R_MATCHED_SOLVER_CLIENT 34 seconds 12.1
T018R_MATCHED_SOLVER_CLIENT 35 seconds 12.4
T018R_MATCHED_SOLVER_CLIENT 36 seconds 12.8
T018R_MATCHED_SOLVER_CLIENT 37 seconds 13.1
T018R_MATCHED_SOLVER_CLIENT 38 seconds 13.4
T018R_MATCHED_SOLVER_CLIENT 39 seconds 13.7
T018R_MATCHED_SOLVER_CLIENT 40 seconds 14.0
T018R_MATCHED_SOLVER_CLIENT 41 seconds 14.4
T018R_MATCHED_SOLVER_CLIENT 42 seconds 14.7
T018R_MATCHED_SOLVER_CLIENT 43 seconds 15.0
T018R_MATCHED_SOLVER_CLIENT 44 seconds 15.4
T018R_MATCHED_SOLVER_CLIENT 45 seconds 15.7
T018R_MATCHED_SOLVER_CLIENT 46 seconds 16.0
T018R_MATCHED_SOLVER_CLIENT 47 seconds 16.3
T018R_MATCHED_SOLVER_CLIENT 48 seconds 16.7
T018R_MATCHED_SOLVER_CLIENT 49 seconds 17.0
T018R_MATCHED_SOLVER_CLIENT 50 seconds 17.3
T018R_MATCHED_SOLVER_CLIENT 51 seconds 17.7
T018R_MATCHED_SOLVER_CLIENT 52 seconds 18.0
T018R_MATCHED_SOLVER_CLIENT 53 seconds 18.3
T018R_MATCHED_SOLVER_CLIENT 54 seconds 18.6
T018R_MATCHED_SOLVER_CLIENT 55 seconds 18.9
T018R_MATCHED_SOLVER_CLIENT 56 seconds 19.2
T018R_MATCHED_SOLVER_CLIENT 57 seconds 19.6
T018R_MATCHED_SOLVER_CLIENT 58 seconds 19.9
T018R_MATCHED_SOLVER_CLIENT 59 seconds 20.2
T018R_MATCHED_SOLVER_CLIENT 60 seconds 20.5
T018R_MATCHED_SOLVER_CLIENT 61 seconds 20.8
T018R_MATCHED_SOLVER_CLIENT 62 seconds 21.2
T018R_MATCHED_SOLVER_CLIENT 63 seconds 21.5
T018R_MATCHED_SOLVER_CLIENT 64 seconds 21.8
T018R_MATCHED_SOLVER_CLIENT 65 seconds 22.1
T018R_MATCHED_SOLVER_CLIENT 66 seconds 22.5
T018R_MATCHED_SOLVER_CLIENT 67 seconds 22.8
T018R_MATCHED_SOLVER_CLIENT 68 seconds 23.1
T018R_MATCHED_SOLVER_CLIENT 69 seconds 23.4
T018R_MATCHED_SOLVER_CLIENT 70 seconds 23.7
T018R_MATCHED_SOLVER_CLIENT 71 seconds 24.1
T018R_MATCHED_SOLVER_CLIENT 72 seconds 24.4
T018R_MATCHED_SOLVER_CLIENT 73 seconds 24.7
T018R_MATCHED_SOLVER_CLIENT 74 seconds 25.0
T018R_MATCHED_SOLVER_CLIENT 75 seconds 25.3
T018R_MATCHED_SOLVER_CLIENT 76 seconds 25.6
T018R_MATCHED_SOLVER_CLIENT 77 seconds 25.9
T018R_MATCHED_SOLVER_CLIENT 78 seconds 26.2
T018R_MATCHED_SOLVER_CLIENT 79 seconds 26.6
T018R_MATCHED_SOLVER_CLIENT 80 seconds 26.8
T018R_MATCHED_SOLVER_CLIENT 81 seconds 27.2
T018R_MATCHED_SOLVER_CLIENT 82 seconds 27.5
T018R_MATCHED_SOLVER_CLIENT 83 seconds 27.8
T018R_MATCHED_SOLVER_CLIENT 84 seconds 28.1
T018R_MATCHED_SOLVER_CLIENT 85 seconds 28.4
T018R_MATCHED_SOLVER_CLIENT 86 seconds 28.7
T018R_MATCHED_SOLVER_CLIENT 87 seconds 29.1
T018R_MATCHED_SOLVER_CLIENT 88 seconds 29.4
T018R_MATCHED_SOLVER_CLIENT 89 seconds 29.7
T018R_MATCHED_SOLVER_CLIENT 90 seconds 30.1
T018R_MATCHED_SOLVER_CLIENT 91 seconds 30.4
T018R_MATCHED_SOLVER_CLIENT 92 seconds 30.7
T018R_MATCHED_SOLVER_CLIENT 93 seconds 31.1
T018R_MATCHED_SOLVER_CLIENT 94 seconds 31.4
T018R_MATCHED_SOLVER_CLIENT 95 seconds 31.7
T018R_MATCHED_SOLVER_CLIENT 96 seconds 32.0
T018R_MATCHED_SOLVER_CLIENT 97 seconds 32.4
T018R_MATCHED_SOLVER_CLIENT 98 seconds 32.8
T018R_MATCHED_SOLVER_CLIENT 99 seconds 33.1
T018R_TEMPLATE_CLIENT 0
T018R_TEMPLATE_CLIENT 1
T018R_TEMPLATE_CLIENT 2
T018R_TEMPLATE_CLIENT 3
T018R_TEMPLATE_CLIENT 4
T018R_TEMPLATE_CLIENT 5
T018R_TEMPLATE_CLIENT 6
T018R_TEMPLATE_CLIENT 7
T018R_TEMPLATE_CLIENT 8
T018R_TEMPLATE_CLIENT 9
T018R_TEMPLATE_CLIENT 10
T018R_TEMPLATE_CLIENT 11
T018R_TEMPLATE_CLIENT 12
T018R_TEMPLATE_CLIENT 13
T018R_TEMPLATE_CLIENT 14
T018R_TEMPLATE_CLIENT 15
T018R_TEMPLATE_CLIENT 16
T018R_TEMPLATE_CLIENT 17
T018R_TEMPLATE_CLIENT 18
T018R_TEMPLATE_CLIENT 19
T018R_TEMPLATE_CLIENT 20
T018R_TEMPLATE_CLIENT 21
T018R_TEMPLATE_CLIENT 22
T018R_TEMPLATE_CLIENT 23
T018R_TEMPLATE_CLIENT 24
T018R_TEMPLATE_CLIENT 25
T018R_TEMPLATE_CLIENT 26
T018R_TEMPLATE_CLIENT 27
T018R_TEMPLATE_CLIENT 28
T018R_TEMPLATE_CLIENT 29
T018R_TEMPLATE_CLIENT 30
T018R_TEMPLATE_CLIENT 31
T018R_TEMPLATE_CLIENT 32
T018R_TEMPLATE_CLIENT 33
T018R_TEMPLATE_CLIENT 34
T018R_TEMPLATE_CLIENT 35
T018R_TEMPLATE_CLIENT 36
T018R_TEMPLATE_CLIENT 37
T018R_TEMPLATE_CLIENT 38
T018R_TEMPLATE_CLIENT 39
T018R_TEMPLATE_CLIENT 40
T018R_TEMPLATE_CLIENT 41
T018R_TEMPLATE_CLIENT 42
T018R_TEMPLATE_CLIENT 43
T018R_TEMPLATE_CLIENT 44
T018R_TEMPLATE_CLIENT 45
T018R_TEMPLATE_CLIENT 46
T018R_TEMPLATE_CLIENT 47
T018R_TEMPLATE_CLIENT 48
T018R_TEMPLATE_CLIENT 49
T018R_TEMPLATE_CLIENT 50
T018R_TEMPLATE_CLIENT 51
T018R_TEMPLATE_CLIENT 52
T018R_TEMPLATE_CLIENT 53
T018R_TEMPLATE_CLIENT 54
T018R_TEMPLATE_CLIENT 55
T018R_TEMPLATE_CLIENT 56
T018R_TEMPLATE_CLIENT 57
T018R_TEMPLATE_CLIENT 58
T018R_TEMPLATE_CLIENT 59
T018R_TEMPLATE_CLIENT 60
T018R_TEMPLATE_CLIENT 61
T018R_TEMPLATE_CLIENT 62
T018R_TEMPLATE_CLIENT 63
T018R_TEMPLATE_CLIENT 64
T018R_TEMPLATE_CLIENT 65
T018R_TEMPLATE_CLIENT 66
T018R_TEMPLATE_CLIENT 67
T018R_TEMPLATE_CLIENT 68
T018R_TEMPLATE_CLIENT 69
T018R_TEMPLATE_CLIENT 70
T018R_TEMPLATE_CLIENT 71
T018R_TEMPLATE_CLIENT 72
T018R_TEMPLATE_CLIENT 73
T018R_TEMPLATE_CLIENT 74
T018R_TEMPLATE_CLIENT 75
T018R_TEMPLATE_CLIENT 76
T018R_TEMPLATE_CLIENT 77
T018R_TEMPLATE_CLIENT 78
T018R_TEMPLATE_CLIENT 79
T018R_TEMPLATE_CLIENT 80
T018R_TEMPLATE_CLIENT 81
T018R_TEMPLATE_CLIENT 82
T018R_TEMPLATE_CLIENT 83
T018R_TEMPLATE_CLIENT 84
T018R_TEMPLATE_CLIENT 85
T018R_TEMPLATE_CLIENT 86
T018R_TEMPLATE_CLIENT 87
T018R_TEMPLATE_CLIENT 88
T018R_TEMPLATE_CLIENT 89
T018R_TEMPLATE_CLIENT 90
T018R_TEMPLATE_CLIENT 91
T018R_TEMPLATE_CLIENT 92
T018R_TEMPLATE_CLIENT 93
T018R_TEMPLATE_CLIENT 94
T018R_TEMPLATE_CLIENT 95
T018R_TEMPLATE_CLIENT 96
T018R_TEMPLATE_CLIENT 97
T018R_TEMPLATE_CLIENT 98
T018R_TEMPLATE_CLIENT 99
T018R_SCIENCE_COMPLETE {"status": "COMPLETE", "runtime": "e4b83f09ea15357993d4d3fcb6562c4c45104b65", "seconds": 84.0790147781372, "CLS_MATCH_A": true, "CLS_REAL_A": false, "CLS_SRC_A": false, "outcome": "B", "matched_pass": {"brightness_dark": true, "contrast_low": true, "gaussian_noise": true, "gaussian_blur": true}, "real_pass": {"brightness_dark": true, "contrast_low": false, "gaussian_noise": false, "gaussian_blur": false}, "source_pass": {"brightness_dark": true, "contrast_low": false, "gaussian_noise": false, "gaussian_blur": false}, "real_regression_safety": true, "source_clean_safety": true, "matched_cases": 128000, "matched_choices": 1024000, "actual_choices": 16000, "new_model_forwards": 0, "resampling": false, "source_hashes_unchanged": true, "source_q_sha256": "108776cdab4d00e99076637353d1f19d0eccc7f6dee5eff8786ff058e5baf568", "max_matched_KKT": 2.220446049250313e-16, "max_matched_updates": 13, "exact_lookup_checks": 16000}
[autodl] finished_at=2026-09-14T13:28:04+08:00
[autodl] exit_code=0
