[autodl] run_id=20260913-113707-ttfl-t001-smoke
[autodl] started_at=2026-09-13T11:37:13+08:00
test_bn_only_moments (test_affine.AffineTest.test_bn_only_moments) ... ok
test_neutral_logits (test_affine.AffineTest.test_neutral_logits) ... ok
test_only_fast_state_and_reset (test_affine.AffineTest.test_only_fast_state_and_reset) ... <frozen importlib._bootstrap>:488: DeprecationWarning: Type google._upb._message.MessageMapContainer uses PyType_Spec with a metaclass that has custom tp_new. This is deprecated and will no longer be allowed in Python 3.14.
<frozen importlib._bootstrap>:488: DeprecationWarning: Type google._upb._message.ScalarMapContainer uses PyType_Spec with a metaclass that has custom tp_new. This is deprecated and will no longer be allowed in Python 3.14.
ok
test_same_checkpoint_all_methods (test_affine.AffineTest.test_same_checkpoint_all_methods) ... ok
test_train_checkpoint_and_metrics (test_baseline.BaselineTest.test_train_checkpoint_and_metrics) ... ok
test_balanced_and_disjoint (test_data.DataTest.test_balanced_and_disjoint) ... ok
test_preprocess (test_data.DataTest.test_preprocess) ... ok

----------------------------------------------------------------------
Ran 7 tests in 0.973s

OK
/home/wenchang/anaconda3/envs/python3.12-tk2-2.3/lib/python3.12/site-packages/torch/cuda/__init__.py:654: UserWarning: Can't initialize NVML
  warnings.warn("Can't initialize NVML")
/home/wenchang/asdasdsad/wjq/TTFL/releases/20260913-113613-ttfl-t001/src/data/digits.py:47: UserWarning: To copy construct from a tensor, it is recommended to use sourceTensor.clone().detach() or sourceTensor.clone().detach().requires_grad_(True), rather than torch.tensor(sourceTensor).
  x, y = torch.as_tensor(np.asarray(ds.data).copy()), torch.tensor(ds.targets)
source_loaded MNIST 100
source_loaded USPS 100
source_loaded MNISTM 100
train {'epoch': 1, 'loss': 2.615276705423991, 'accuracy': 19.333333333333332}
context_done 11 correct
context_done 11 wrong_MNIST
context_done 11 wrong_USPS
context_done 11 wrong_MNISTM
context_done 11 shuffled
context_done 11 noise
DONE 21 records baseline 17.999999225139618
[autodl] finished_at=2026-09-13T11:37:33+08:00
[autodl] exit_code=0
