{
  "decision": "N-C",
  "distance_error": 1.1368683772161603e-13,
  "metric_error": 7.105427357601002e-15,
  "harmful": [
    {
      "bank": "A",
      "client": 15,
      "target": "clean",
      "selected": "gaussian_blur",
      "n_query": 236,
      "selected_correct": 0,
      "oracle_correct": 0,
      "aggregate_macroclass_delta_pp": 0.0,
      "entropy": -0.0,
      "max_class_fraction": 1.0
    },
    {
      "bank": "B",
      "client": 15,
      "target": "clean",
      "selected": "gaussian_blur",
      "n_query": 236,
      "selected_correct": 0,
      "oracle_correct": 0,
      "aggregate_macroclass_delta_pp": 0.0,
      "entropy": -0.0,
      "max_class_fraction": 1.0
    },
    {
      "bank": "A",
      "client": 15,
      "target": "gaussian_blur",
      "selected": "contrast_low",
      "n_query": 236,
      "selected_correct": 0,
      "oracle_correct": 0,
      "aggregate_macroclass_delta_pp": 0.0,
      "entropy": -0.0,
      "max_class_fraction": 1.0
    },
    {
      "bank": "B",
      "client": 15,
      "target": "gaussian_blur",
      "selected": "contrast_low",
      "n_query": 236,
      "selected_correct": 0,
      "oracle_correct": 0,
      "aggregate_macroclass_delta_pp": 0.0,
      "entropy": -0.0,
      "max_class_fraction": 1.0
    },
    {
      "bank": "A",
      "client": 21,
      "target": "clean",
      "selected": "gaussian_blur",
      "n_query": 242,
      "selected_correct": 0,
      "oracle_correct": 0,
      "aggregate_macroclass_delta_pp": 0.0,
      "entropy": -0.0,
      "max_class_fraction": 1.0
    },
    {
      "bank": "A",
      "client": 26,
      "target": "clean",
      "selected": "gaussian_blur",
      "n_query": 284,
      "selected_correct": 192,
      "oracle_correct": 215,
      "aggregate_macroclass_delta_pp": -0.1502016106953324,
      "entropy": 0.08621407475879368,
      "max_class_fraction": 0.95
    },
    {
      "bank": "B",
      "client": 26,
      "target": "clean",
      "selected": "gaussian_blur",
      "n_query": 284,
      "selected_correct": 187,
      "oracle_correct": 215,
      "aggregate_macroclass_delta_pp": -0.18294555306599383,
      "entropy": 0.08621407475879368,
      "max_class_fraction": 0.95
    },
    {
      "bank": "A",
      "client": 26,
      "target": "gaussian_blur",
      "selected": "contrast_low",
      "n_query": 284,
      "selected_correct": 147,
      "oracle_correct": 216,
      "aggregate_macroclass_delta_pp": -0.4515860552419876,
      "entropy": 0.08621407475879368,
      "max_class_fraction": 0.95
    },
    {
      "bank": "A",
      "client": 29,
      "target": "clean",
      "selected": "gaussian_noise",
      "n_query": 382,
      "selected_correct": 245,
      "oracle_correct": 290,
      "aggregate_macroclass_delta_pp": -0.3010033444816054,
      "entropy": -0.0,
      "max_class_fraction": 1.0
    },
    {
      "bank": "B",
      "client": 29,
      "target": "clean",
      "selected": "gaussian_noise",
      "n_query": 382,
      "selected_correct": 251,
      "oracle_correct": 290,
      "aggregate_macroclass_delta_pp": -0.2608695652173913,
      "entropy": -0.0,
      "max_class_fraction": 1.0
    },
    {
      "bank": "A",
      "client": 29,
      "target": "gaussian_blur",
      "selected": "clean",
      "n_query": 382,
      "selected_correct": 175,
      "oracle_correct": 290,
      "aggregate_macroclass_delta_pp": -0.7692307692307693,
      "entropy": -0.0,
      "max_class_fraction": 1.0
    },
    {
      "bank": "B",
      "client": 29,
      "target": "gaussian_blur",
      "selected": "clean",
      "n_query": 382,
      "selected_correct": 175,
      "oracle_correct": 291,
      "aggregate_macroclass_delta_pp": -0.7759197324414716,
      "entropy": -0.0,
      "max_class_fraction": 1.0
    },
    {
      "bank": "A",
      "client": 30,
      "target": "clean",
      "selected": "gaussian_blur",
      "n_query": 275,
      "selected_correct": 63,
      "oracle_correct": 81,
      "aggregate_macroclass_delta_pp": -0.1193638170974155,
      "entropy": 0.37162086641628495,
      "max_class_fraction": 0.5
    },
    {
      "bank": "B",
      "client": 30,
      "target": "clean",
      "selected": "gaussian_blur",
      "n_query": 275,
      "selected_correct": 62,
      "oracle_correct": 81,
      "aggregate_macroclass_delta_pp": -0.12599072233267064,
      "entropy": 0.37162086641628495,
      "max_class_fraction": 0.5
    },
    {
      "bank": "A",
      "client": 45,
      "target": "clean",
      "selected": "gaussian_blur",
      "n_query": 13,
      "selected_correct": 3,
      "oracle_correct": 6,
      "aggregate_macroclass_delta_pp": -0.019880715705765408,
      "entropy": 0.3076310099728432,
      "max_class_fraction": 0.8
    },
    {
      "bank": "B",
      "client": 45,
      "target": "clean",
      "selected": "gaussian_blur",
      "n_query": 13,
      "selected_correct": 2,
      "oracle_correct": 6,
      "aggregate_macroclass_delta_pp": -0.026507620941020542,
      "entropy": 0.3076310099728432,
      "max_class_fraction": 0.8
    },
    {
      "bank": "A",
      "client": 52,
      "target": "clean",
      "selected": "gaussian_blur",
      "n_query": 24,
      "selected_correct": 8,
      "oracle_correct": 11,
      "aggregate_macroclass_delta_pp": -0.019880715705765408,
      "entropy": 0.14118174150460758,
      "max_class_fraction": 0.9
    },
    {
      "bank": "B",
      "client": 52,
      "target": "clean",
      "selected": "gaussian_blur",
      "n_query": 24,
      "selected_correct": 8,
      "oracle_correct": 11,
      "aggregate_macroclass_delta_pp": -0.019880715705765408,
      "entropy": 0.14118174150460758,
      "max_class_fraction": 0.9
    },
    {
      "bank": "A",
      "client": 71,
      "target": "clean",
      "selected": "gaussian_blur",
      "n_query": 36,
      "selected_correct": 4,
      "oracle_correct": 4,
      "aggregate_macroclass_delta_pp": 8.87705281846427e-06,
      "entropy": 0.3172903635978727,
      "max_class_fraction": 0.75
    },
    {
      "bank": "B",
      "client": 71,
      "target": "clean",
      "selected": "gaussian_blur",
      "n_query": 36,
      "selected_correct": 4,
      "oracle_correct": 4,
      "aggregate_macroclass_delta_pp": 8.87705281846427e-06,
      "entropy": 0.3172903635978727,
      "max_class_fraction": 0.75
    },
    {
      "bank": "A",
      "client": 74,
      "target": "gaussian_blur",
      "selected": "contrast_low",
      "n_query": 164,
      "selected_correct": 87,
      "oracle_correct": 116,
      "aggregate_macroclass_delta_pp": -0.18971601589738288,
      "entropy": -0.0,
      "max_class_fraction": 1.0
    },
    {
      "bank": "B",
      "client": 74,
      "target": "gaussian_blur",
      "selected": "contrast_low",
      "n_query": 164,
      "selected_correct": 88,
      "oracle_correct": 118,
      "aggregate_macroclass_delta_pp": -0.19626480437151517,
      "entropy": -0.0,
      "max_class_fraction": 1.0
    }
  ]
}
