[autodl] run_id=20260913-224708-ttfl-t009-gpu1
[autodl] started_at=2026-09-13T22:47:12+08:00
test_bn_only_moments (test_affine.AffineTest.test_bn_only_moments) ... ok
test_neutral_logits (test_affine.AffineTest.test_neutral_logits) ... ok
test_only_fast_state_and_reset (test_affine.AffineTest.test_only_fast_state_and_reset) ... ok
test_same_checkpoint_all_methods (test_affine.AffineTest.test_same_checkpoint_all_methods) ... ok
test_disjoint_balanced_spread_order_independent (test_balanced_pool.BalancedPoolTest.test_disjoint_balanced_spread_order_independent) ... ok
test_exact_semantic_controls (test_balanced_pool.BalancedPoolTest.test_exact_semantic_controls) ... ok
test_train_checkpoint_and_metrics (test_baseline.BaselineTest.test_train_checkpoint_and_metrics) ... ok
test_deterministic_by_sample_not_order_and_no_mutation (test_covariate.CovariateTest.test_deterministic_by_sample_not_order_and_no_mutation) ... ok
test_formulas_and_identity (test_covariate.CovariateTest.test_formulas_and_identity) ... ok
test_weighted_gate_and_paired_summary (test_covariate.CovariateTest.test_weighted_gate_and_paired_summary) ... ok
test_balanced_and_disjoint (test_data.DataTest.test_balanced_and_disjoint) ... ok
test_preprocess (test_data.DataTest.test_preprocess) ... ok
test_retrieval_both_bounds_and_nonpositive_gain (test_identification_gates.IdentificationGateTest.test_retrieval_both_bounds_and_nonpositive_gain) ... ok
test_total_and_per_context (test_identification_gates.IdentificationGateTest.test_total_and_per_context) ... ok
test_clamp_and_constant_variance (test_moments.MomentsTest.test_clamp_and_constant_variance) ... ok
test_reference_stream_matches_direct (test_moments.MomentsTest.test_reference_stream_matches_direct) ... ok
test_sequential_formula_frozen_no_labels_or_optimizer (test_moments.MomentsTest.test_sequential_formula_frozen_no_labels_or_optimizer) ... ok
test_clean_half_point (test_natural_gates.NaturalGateTest.test_clean_half_point) ... ok
test_total_and_context_floor (test_natural_gates.NaturalGateTest.test_total_and_context_floor) ... ok
test_common_prefix_and_unavailable_size (test_natural_support.NaturalSupportTest.test_common_prefix_and_unavailable_size) ... ok
test_common_size_exclusions_and_determinism (test_natural_support.NaturalSupportTest.test_common_size_exclusions_and_determinism) ... ok
test_exact_identity_three_variances (test_neutral_oracle.NeutralOracleTest.test_exact_identity_three_variances) ... ok
test_known_residual_and_cap (test_neutral_oracle.NeutralOracleTest.test_known_residual_and_cap) ... ok
test_model_identity_and_sequential_contract (test_neutral_oracle.NeutralOracleTest.test_model_identity_and_sequential_contract) ... ok
test_identity_formula_and_constant (test_paired_oracle.PairedOracleTest.test_identity_formula_and_constant) ... ok
test_known_affine_and_cap (test_paired_oracle.PairedOracleTest.test_known_affine_and_cap) ... ok
test_sequential_frozen_api (test_paired_oracle.PairedOracleTest.test_sequential_frozen_api) ... ok
test_derangement_deterministic_label_free (test_pairing.PairingTest.test_derangement_deterministic_label_free) ... ok
test_target_multiset_both_layers_preserved (test_pairing.PairingTest.test_target_multiset_both_layers_preserved) ... ok
test_four_shapes_neutral_frozen_and_classes (test_pfllib_operator.PFLModelTest.test_four_shapes_neutral_frozen_and_classes) ... ok
test_support_only_high_numbered_classes (test_pfllib_operator.PFLModelTest.test_support_only_high_numbered_classes) ... ok
test_extrema_ties_and_target_histogram (test_semantic_pairing.SemanticPairingTest.test_extrema_ties_and_target_histogram) ... ok
test_random_distinct_deterministic_label_independent (test_semantic_pairing.SemanticPairingTest.test_random_distinct_deterministic_label_independent) ... ok
test_correlation_constant_and_centered_example (test_semantic_summary.SemanticSummaryTest.test_correlation_constant_and_centered_example) ... ok
test_tau_and_strict_marginal_bounds (test_semantic_summary.SemanticSummaryTest.test_tau_and_strict_marginal_bounds) ... ok
test_exact_bank_reference_zero_and_heldout_formula (test_source_signature.SourceSignatureTest.test_exact_bank_reference_zero_and_heldout_formula) ... ok
test_microbatch_partition_exact_and_ordered (test_source_signature.SourceSignatureTest.test_microbatch_partition_exact_and_ordered) ... ok
test_squared_distance_margin_and_tie_order (test_source_signature.SourceSignatureTest.test_squared_distance_margin_and_tie_order) ... ok
test_nonpositive_headroom_and_half_point_floor (test_transfer_gate.TransferGateTest.test_nonpositive_headroom_and_half_point_floor) ... ok
test_recovery_and_both_context_margins (test_transfer_gate.TransferGateTest.test_recovery_and_both_context_margins) ... ok

----------------------------------------------------------------------
Ran 40 tests in 0.932s

OK
/home/wenchang/anaconda3/envs/python3.12-tk2-2.3/lib/python3.12/site-packages/torch/cuda/__init__.py:654: UserWarning: Can't initialize NVML
  warnings.warn("Can't initialize NVML")
T009_SELECTIONS_FROZEN {"timestamp": "2026-09-13T14:47:26.696829+00:00", "manifest_sha256": "ba139b530bc231b13dc5f0fe9a370a25050bb74f1264eadc938472f56216afac", "decisions_sha256": "836e564d7b4fb943e755053e1824549bddef81a5b9f79db75dcb8f5b176a29ee", "primary_decisions": 1000, "total_decisions": 1000, "query_metrics_opened": false, "support_label_statistics_computed": false}
T009_DONE {"K": 20, "NID_A": true, "NRET_A": false, "identification": [{"bank": "A", "K": 20, "primary": true, "correct": 488, "total": 500, "accuracy": 97.6, "per_context_accuracy": {"clean": 92, "brightness_dark": 100, "contrast_low": 100, "gaussian_noise": 100, "gaussian_blur": 96}, "passed": true, "confusion": [[92, 0, 0, 1, 7], [0, 100, 0, 0, 0], [0, 0, 100, 0, 0], [0, 0, 0, 100, 0], [1, 0, 3, 0, 96]], "signed_margin_mean": 53.804278107763515, "signed_margin_median": 21.28331380644498, "nearest_distance_quantiles": {"p50": 6.212052278860125, "p90": 16.67030968556862, "p95": 23.395589953049736, "max": 42.40414483743119}}, {"bank": "B", "K": 20, "primary": true, "correct": 490, "total": 500, "accuracy": 98.0, "per_context_accuracy": {"clean": 93, "brightness_dark": 100, "contrast_low": 100, "gaussian_noise": 100, "gaussian_blur": 97}, "passed": true, "confusion": [[93, 0, 0, 1, 6], [0, 100, 0, 0, 0], [0, 0, 100, 0, 0], [0, 0, 0, 100, 0], [1, 0, 2, 0, 97]], "signed_margin_mean": 56.44560245258674, "signed_margin_median": 22.127916160845967, "nearest_distance_quantiles": {"p50": 5.942520156648216, "p90": 16.382871582797254, "p95": 25.292304463427392, "max": 48.220021846179336}}], "retrieval": [{"bank": "A", "target": "brightness_dark", "none": 17.546026454211063, "oracle": 32.29653570328799, "selected_mixed": 32.29653570328799, "wrong_alt": 14.903865455386008, "tau_pp": 4.148165866389369, "sample_weighted": 32.36252410399628, "macro_client": 31.268558897347983, "oracle_gain": 14.750509249076924, "retained_recovery": 1.0, "selected_wrong_margin": 17.39267024790198, "passed": true}, {"bank": "A", "target": "contrast_low", "none": 19.95526398771052, "oracle": 28.56147342050601, "selected_mixed": 28.56147342050601, "wrong_alt": 22.733171407184606, "tau_pp": 3.5458564830145045, "sample_weighted": 28.63887226544318, "macro_client": 27.36103104812443, "oracle_gain": 8.606209432795492, "retained_recovery": 1.0, "selected_wrong_margin": 5.828302013321405, "passed": true}, {"bank": "A", "target": "gaussian_noise", "none": 30.67664385146025, "oracle": 32.49955759017932, "selected_mixed": 32.49955759017932, "wrong_alt": 30.382434469751427, "tau_pp": 0.8655115170770724, "sample_weighted": 32.575304209056455, "macro_client": 31.38728201450004, "oracle_gain": 1.8229137387190733, "retained_recovery": 1.0, "selected_wrong_margin": 2.1171231204278946, "passed": true}, {"bank": "A", "target": "gaussian_blur", "none": 30.901579176174373, "oracle": 33.04849966816344, "selected_mixed": 31.6379668277933, "wrong_alt": 29.798137175692325, "tau_pp": 0.8092776858985413, "sample_weighted": 31.704235653966354, "macro_client": 31.229868863328864, "oracle_gain": 2.1469204919890643, "retained_recovery": 0.3429971693719701, "selected_wrong_margin": 1.839829652100974, "passed": false}, {"bank": "B", "target": "brightness_dark", "none": 17.546026454211063, "oracle": 32.424807666744606, "selected_mixed": 32.424807666744606, "wrong_alt": 15.489586518933976, "tau_pp": 4.148165866389369, "sample_weighted": 32.48886229137575, "macro_client": 31.338011257580153, "oracle_gain": 14.878781212533543, "retained_recovery": 1.0, "selected_wrong_margin": 16.93522114781063, "passed": true}, {"bank": "B", "target": "contrast_low", "none": 19.95526398771052, "oracle": 28.1116255098242, "selected_mixed": 28.1116255098242, "wrong_alt": 22.693556051591294, "tau_pp": 3.5458564830145045, "sample_weighted": 28.186714542190305, "macro_client": 26.830967308656785, "oracle_gain": 8.15636152211368, "retained_recovery": 1.0, "selected_wrong_margin": 5.418069458232907, "passed": true}, {"bank": "B", "target": "gaussian_noise", "none": 30.67664385146025, "oracle": 32.40677112345037, "selected_mixed": 32.40677112345037, "wrong_alt": 30.537679919179993, "tau_pp": 0.8655115170770724, "sample_weighted": 32.482212913092624, "macro_client": 31.267717362254558, "oracle_gain": 1.7301272719901206, "retained_recovery": 1.0, "selected_wrong_margin": 1.8690912042703758, "passed": true}, {"bank": "B", "target": "gaussian_blur", "none": 30.901579176174373, "oracle": 33.009919087373774, "selected_mixed": 32.03773455056079, "wrong_alt": 28.35423498515749, "tau_pp": 0.8092776858985413, "sample_weighted": 32.109847729237316, "macro_client": 31.39402835080693, "oracle_gain": 2.1083399111994012, "retained_recovery": 0.538886243319313, "selected_wrong_margin": 3.6834995654033023, "passed": false}], "clean_safety": [{"bank": "A", "none": 34.13868991976854, "selected": 33.528368593135475, "delta_pp": -0.6103213266330627, "passed": false, "sample_weighted": 33.605957842941685, "macro_client": 32.56852005513038}, {"bank": "B", "none": 34.13868991976854, "selected": 33.52250461955852, "delta_pp": -0.6161853002100202, "passed": false, "sample_weighted": 33.599308464658556, "macro_client": 32.48606178705085}], "verification": {"frozen_hashes_unchanged": true, "no_state_fits": true, "support_pool_overlap": 0, "support_query_overlap": 0, "selection_labels_blind": true, "manifest_before_features": true, "primary_decisions": 1000, "total_decisions": 1000, "all_selections_before_query_and_skew": true, "same_ids_all_contexts_banks": true, "source_only_signature_api": true, "model_unchanged": true, "all_finite": true, "old_macroclass_max_error_pp": 0.0, "reused_query_client_evaluations": 985, "new_query_client_evaluations": 15, "no_query_tuning": true, "manifest_decisions_unchanged": true}}
[autodl] finished_at=2026-09-13T22:47:30+08:00
[autodl] exit_code=0
