[autodl] run_id=20260913-233408-ttfl-t010-gpu1
[autodl] started_at=2026-09-13T23:34:13+08:00
test_bn_only_moments (test_affine.AffineTest.test_bn_only_moments) ... ok
test_neutral_logits (test_affine.AffineTest.test_neutral_logits) ... ok
test_only_fast_state_and_reset (test_affine.AffineTest.test_only_fast_state_and_reset) ... ok
test_same_checkpoint_all_methods (test_affine.AffineTest.test_same_checkpoint_all_methods) ... ok
test_disjoint_balanced_spread_order_independent (test_balanced_pool.BalancedPoolTest.test_disjoint_balanced_spread_order_independent) ... ok
test_exact_semantic_controls (test_balanced_pool.BalancedPoolTest.test_exact_semantic_controls) ... ok
test_train_checkpoint_and_metrics (test_baseline.BaselineTest.test_train_checkpoint_and_metrics) ... ok
test_deterministic_by_sample_not_order_and_no_mutation (test_covariate.CovariateTest.test_deterministic_by_sample_not_order_and_no_mutation) ... ok
test_formulas_and_identity (test_covariate.CovariateTest.test_formulas_and_identity) ... ok
test_weighted_gate_and_paired_summary (test_covariate.CovariateTest.test_weighted_gate_and_paired_summary) ... ok
test_balanced_and_disjoint (test_data.DataTest.test_balanced_and_disjoint) ... ok
test_preprocess (test_data.DataTest.test_preprocess) ... ok
test_retrieval_both_bounds_and_nonpositive_gain (test_identification_gates.IdentificationGateTest.test_retrieval_both_bounds_and_nonpositive_gain) ... ok
test_total_and_per_context (test_identification_gates.IdentificationGateTest.test_total_and_per_context) ... ok
test_clamp_and_constant_variance (test_moments.MomentsTest.test_clamp_and_constant_variance) ... ok
test_reference_stream_matches_direct (test_moments.MomentsTest.test_reference_stream_matches_direct) ... ok
test_sequential_formula_frozen_no_labels_or_optimizer (test_moments.MomentsTest.test_sequential_formula_frozen_no_labels_or_optimizer) ... ok
test_clean_half_point (test_natural_gates.NaturalGateTest.test_clean_half_point) ... ok
test_total_and_context_floor (test_natural_gates.NaturalGateTest.test_total_and_context_floor) ... ok
test_common_prefix_and_unavailable_size (test_natural_support.NaturalSupportTest.test_common_prefix_and_unavailable_size) ... ok
test_common_size_exclusions_and_determinism (test_natural_support.NaturalSupportTest.test_common_size_exclusions_and_determinism) ... ok
test_exact_identity_three_variances (test_neutral_oracle.NeutralOracleTest.test_exact_identity_three_variances) ... ok
test_known_residual_and_cap (test_neutral_oracle.NeutralOracleTest.test_known_residual_and_cap) ... ok
test_model_identity_and_sequential_contract (test_neutral_oracle.NeutralOracleTest.test_model_identity_and_sequential_contract) ... ok
test_identity_formula_and_constant (test_paired_oracle.PairedOracleTest.test_identity_formula_and_constant) ... ok
test_known_affine_and_cap (test_paired_oracle.PairedOracleTest.test_known_affine_and_cap) ... ok
test_sequential_frozen_api (test_paired_oracle.PairedOracleTest.test_sequential_frozen_api) ... ok
test_derangement_deterministic_label_free (test_pairing.PairingTest.test_derangement_deterministic_label_free) ... ok
test_target_multiset_both_layers_preserved (test_pairing.PairingTest.test_target_multiset_both_layers_preserved) ... ok
test_four_shapes_neutral_frozen_and_classes (test_pfllib_operator.PFLModelTest.test_four_shapes_neutral_frozen_and_classes) ... ok
test_support_only_high_numbered_classes (test_pfllib_operator.PFLModelTest.test_support_only_high_numbered_classes) ... ok
test_extrema_ties_and_target_histogram (test_semantic_pairing.SemanticPairingTest.test_extrema_ties_and_target_histogram) ... ok
test_random_distinct_deterministic_label_independent (test_semantic_pairing.SemanticPairingTest.test_random_distinct_deterministic_label_independent) ... ok
test_correlation_constant_and_centered_example (test_semantic_summary.SemanticSummaryTest.test_correlation_constant_and_centered_example) ... ok
test_tau_and_strict_marginal_bounds (test_semantic_summary.SemanticSummaryTest.test_tau_and_strict_marginal_bounds) ... ok
test_exact_bank_reference_zero_and_heldout_formula (test_source_signature.SourceSignatureTest.test_exact_bank_reference_zero_and_heldout_formula) ... ok
test_microbatch_partition_exact_and_ordered (test_source_signature.SourceSignatureTest.test_microbatch_partition_exact_and_ordered) ... ok
test_squared_distance_margin_and_tie_order (test_source_signature.SourceSignatureTest.test_squared_distance_margin_and_tie_order) ... ok
test_sequential_path_and_immutability (test_state_consistency.StateConsistencyTest.test_sequential_path_and_immutability) ... ok
test_zero_first_tie_order (test_state_consistency.StateConsistencyTest.test_zero_first_tie_order) ... ok
test_zero_signature_and_score_exact (test_state_consistency.StateConsistencyTest.test_zero_signature_and_score_exact) ... ok
test_nonpositive_headroom_and_half_point_floor (test_transfer_gate.TransferGateTest.test_nonpositive_headroom_and_half_point_floor) ... ok
test_recovery_and_both_context_margins (test_transfer_gate.TransferGateTest.test_recovery_and_both_context_margins) ... ok

----------------------------------------------------------------------
Ran 43 tests in 1.066s

OK
/home/wenchang/anaconda3/envs/python3.12-tk2-2.3/lib/python3.12/site-packages/torch/cuda/__init__.py:654: UserWarning: Can't initialize NVML
  warnings.warn("Can't initialize NVML")
T010_BALANCED_SANITY_DONE
T010_SOURCE_CLIENT_DONE 19
T010_SOURCE_CLIENT_DONE 39
T010_SOURCE_CLIENT_DONE 59
T010_SOURCE_CLIENT_DONE 79
T010_SOURCE_CLIENT_DONE 99
T010_SELECTIONS_FROZEN {"timestamp": "2026-09-13T15:34:50.884256+00:00", "decisions_sha256": "d4c9bfb100ace9b63a2ea3c7b38794d7baf54fddbab7b6a28ac3881642730792", "count": 1000, "query_results_opened": false, "label_statistics_opened": false}
T010_DONE {"SC_ID_A": true, "SC_RET_A": true, "identification": [{"bank": "A", "correct": 489, "accuracy": 97.8, "per_context_accuracy": {"clean": 95, "brightness_dark": 100, "contrast_low": 98, "gaussian_noise": 100, "gaussian_blur": 96}, "passed": true, "confusion": [[95, 0, 0, 1, 4], [0, 100, 0, 0, 0], [0, 0, 98, 0, 2], [0, 0, 0, 100, 0], [1, 0, 3, 0, 96]], "median_true_rank": 1.0, "fraction_true_rank_1": 0.978, "fraction_true_rank_le2": 1.0}, {"bank": "B", "correct": 490, "accuracy": 98.0, "per_context_accuracy": {"clean": 95, "brightness_dark": 100, "contrast_low": 99, "gaussian_noise": 100, "gaussian_blur": 96}, "passed": true, "confusion": [[95, 0, 0, 1, 4], [0, 100, 0, 0, 0], [0, 0, 99, 0, 1], [0, 0, 0, 100, 0], [1, 0, 3, 0, 96]], "median_true_rank": 1.0, "fraction_true_rank_1": 0.98, "fraction_true_rank_le2": 1.0}], "balanced": [{"bank": "A", "correct": 20, "total": 20, "confusion": [[4, 0, 0, 0, 0], [0, 4, 0, 0, 0], [0, 0, 4, 0, 0], [0, 0, 0, 4, 0], [0, 0, 0, 0, 4]]}, {"bank": "B", "correct": 20, "total": 20, "confusion": [[4, 0, 0, 0, 0], [0, 4, 0, 0, 0], [0, 0, 4, 0, 0], [0, 0, 0, 4, 0], [0, 0, 0, 0, 4]]}], "retrieval": [{"bank": "A", "target": "brightness_dark", "none": 17.546026454211063, "oracle": 32.29653570328799, "selected_mixed": 32.29653570328799, "wrong_alt": 14.903865455386008, "tau_pp": 4.148165866389369, "sample_weighted": 32.36252410399628, "macro_client": 31.268558897347983, "oracle_gain": 14.750509249076924, "retained_recovery": 1.0, "selected_wrong_margin": 17.39267024790198, "passed": true}, {"bank": "A", "target": "contrast_low", "none": 19.95526398771052, "oracle": 28.56147342050601, "selected_mixed": 28.291024871693356, "wrong_alt": 22.733171407184606, "tau_pp": 3.5458564830145045, "sample_weighted": 28.36624775583483, "macro_client": 27.231801028631253, "oracle_gain": 8.606209432795492, "retained_recovery": 0.9685751838919857, "selected_wrong_margin": 5.557853464508749, "passed": true}, {"bank": "A", "target": "gaussian_noise", "none": 30.67664385146025, "oracle": 32.49955759017932, "selected_mixed": 32.49955759017932, "wrong_alt": 30.382434469751427, "tau_pp": 0.8655115170770724, "sample_weighted": 32.575304209056455, "macro_client": 31.38728201450004, "oracle_gain": 1.8229137387190733, "retained_recovery": 1.0, "selected_wrong_margin": 2.1171231204278946, "passed": true}, {"bank": "A", "target": "gaussian_blur", "none": 30.901579176174373, "oracle": 33.04849966816344, "selected_mixed": 31.768358788024678, "wrong_alt": 29.798137175692325, "tau_pp": 0.8092776858985413, "sample_weighted": 31.837223219628964, "macro_client": 31.37397085889427, "oracle_gain": 2.1469204919890643, "retained_recovery": 0.4037315844180409, "selected_wrong_margin": 1.9702216123323524, "passed": false}, {"bank": "B", "target": "brightness_dark", "none": 17.546026454211063, "oracle": 32.424807666744606, "selected_mixed": 32.424807666744606, "wrong_alt": 15.489586518933976, "tau_pp": 4.148165866389369, "sample_weighted": 32.48886229137575, "macro_client": 31.338011257580153, "oracle_gain": 14.878781212533543, "retained_recovery": 1.0, "selected_wrong_margin": 16.93522114781063, "passed": true}, {"bank": "B", "target": "contrast_low", "none": 19.95526398771052, "oracle": 28.1116255098242, "selected_mixed": 28.02587353093238, "wrong_alt": 22.693556051591294, "tau_pp": 3.5458564830145045, "sample_weighted": 28.100272624509607, "macro_client": 26.770782123471598, "oracle_gain": 8.15636152211368, "retained_recovery": 0.9894864911689694, "selected_wrong_margin": 5.332317479341086, "passed": true}, {"bank": "B", "target": "gaussian_noise", "none": 30.67664385146025, "oracle": 32.40677112345037, "selected_mixed": 32.40677112345037, "wrong_alt": 30.537679919179993, "tau_pp": 0.8655115170770724, "sample_weighted": 32.482212913092624, "macro_client": 31.267717362254558, "oracle_gain": 1.7301272719901206, "retained_recovery": 1.0, "selected_wrong_margin": 1.8690912042703758, "passed": true}, {"bank": "B", "target": "gaussian_blur", "none": 30.901579176174373, "oracle": 33.009919087373774, "selected_mixed": 31.73620771141492, "wrong_alt": 28.35423498515749, "tau_pp": 0.8092776858985413, "sample_weighted": 31.803976328213313, "macro_client": 31.3083124143902, "oracle_gain": 2.1083399111994012, "retained_recovery": 0.3958700069220529, "selected_wrong_margin": 3.3819727262574304, "passed": false}], "clean": [{"bank": "A", "none": 34.13868991976854, "selected": 33.69844204248375, "delta_pp": -0.44024787728479, "passed": true, "sample_weighted": 33.77884167830308, "macro_client": 32.77450597062334}, {"bank": "B", "none": 34.13868991976854, "selected": 33.725322011277456, "delta_pp": -0.4133679084910824, "passed": true, "sample_weighted": 33.8054391914356, "macro_client": 32.709653336346626}], "verification": {"frozen_hashes_unchanged": true, "score_calls": 5240, "zero_regression_checks": 1048, "zero_psi_max_error": 0.0, "zero_J_max_error": 0.0, "all_candidate_states_unchanged": true, "model_unchanged_every_episode": true, "finite_scores_states": true, "support_ids_exact_T009": true, "no_label_query_inputs_to_score": true, "selections_before_query": true, "no_state_fits": true, "no_query_tuning": true, "historical_metrics_max_error_pp": 0.0, "query_reuse_T007R": 14, "query_reuse_T009": 985, "new_query_evaluations": 1}}
[autodl] finished_at=2026-09-13T23:34:52+08:00
[autodl] exit_code=0
