[autodl] run_id=20260913-183307-ttfl-t006-gpu1
[autodl] started_at=2026-09-13T18:33:13+08:00
test_bn_only_moments (test_affine.AffineTest.test_bn_only_moments) ... ok
test_neutral_logits (test_affine.AffineTest.test_neutral_logits) ... ok
test_only_fast_state_and_reset (test_affine.AffineTest.test_only_fast_state_and_reset) ... ok
test_same_checkpoint_all_methods (test_affine.AffineTest.test_same_checkpoint_all_methods) ... ok
test_train_checkpoint_and_metrics (test_baseline.BaselineTest.test_train_checkpoint_and_metrics) ... ok
test_deterministic_by_sample_not_order_and_no_mutation (test_covariate.CovariateTest.test_deterministic_by_sample_not_order_and_no_mutation) ... ok
test_formulas_and_identity (test_covariate.CovariateTest.test_formulas_and_identity) ... ok
test_weighted_gate_and_paired_summary (test_covariate.CovariateTest.test_weighted_gate_and_paired_summary) ... ok
test_balanced_and_disjoint (test_data.DataTest.test_balanced_and_disjoint) ... ok
test_preprocess (test_data.DataTest.test_preprocess) ... ok
test_clamp_and_constant_variance (test_moments.MomentsTest.test_clamp_and_constant_variance) ... ok
test_reference_stream_matches_direct (test_moments.MomentsTest.test_reference_stream_matches_direct) ... ok
test_sequential_formula_frozen_no_labels_or_optimizer (test_moments.MomentsTest.test_sequential_formula_frozen_no_labels_or_optimizer) ... ok
test_identity_formula_and_constant (test_paired_oracle.PairedOracleTest.test_identity_formula_and_constant) ... ok
test_known_affine_and_cap (test_paired_oracle.PairedOracleTest.test_known_affine_and_cap) ... ok
test_sequential_frozen_api (test_paired_oracle.PairedOracleTest.test_sequential_frozen_api) ... ok
test_derangement_deterministic_label_free (test_pairing.PairingTest.test_derangement_deterministic_label_free) ... ok
test_target_multiset_both_layers_preserved (test_pairing.PairingTest.test_target_multiset_both_layers_preserved) ... ok
test_four_shapes_neutral_frozen_and_classes (test_pfllib_operator.PFLModelTest.test_four_shapes_neutral_frozen_and_classes) ... ok
test_support_only_high_numbered_classes (test_pfllib_operator.PFLModelTest.test_support_only_high_numbered_classes) ... ok
test_extrema_ties_and_target_histogram (test_semantic_pairing.SemanticPairingTest.test_extrema_ties_and_target_histogram) ... ok
test_random_distinct_deterministic_label_independent (test_semantic_pairing.SemanticPairingTest.test_random_distinct_deterministic_label_independent) ... ok

----------------------------------------------------------------------
Ran 22 tests in 0.804s

OK
/home/wenchang/anaconda3/envs/python3.12-tk2-2.3/lib/python3.12/site-packages/torch/cuda/__init__.py:654: UserWarning: Can't initialize NVML
  warnings.warn("Can't initialize NVML")
T006_CLIENT_DONE 0
T006_CLIENT_DONE 1
T006_EVALUATION_DONE {"records": 112, "new_writer_episodes": 80, "focused_old_writer_regressions": 24, "old_prediction_regression_exact": true, "old_condition_accuracy_max_error_pp": 0.0, "all_derangements": true, "target_multisets_exact_ids_images_features": true, "labels_only_control_construction": true, "labels_query_excluded_from_writer": true, "high_ge_low_each_client": true, "deterministic_random_offsets": true, "support_query_overlap": 0, "model_unchanged_each_episode": true, "zero_state_exact": true, "nonfinite_count": 0, "prediction_max_error_pp": 1.7077735279258377e-06, "cap_gt10pct_layer_episodes": 2}
/home/wenchang/anaconda3/envs/python3.12-tk2-2.3/lib/python3.12/site-packages/torch/cuda/__init__.py:654: UserWarning: Can't initialize NVML
  warnings.warn("Can't initialize NVML")
T006_CLIENT_DONE 0
T006_CLIENT_DONE 1
T006_CLIENT_DONE 2
T006_CLIENT_DONE 3
T006_CLIENT_DONE 4
T006_CLIENT_DONE 5
T006_CLIENT_DONE 6
T006_CLIENT_DONE 7
T006_CLIENT_DONE 8
T006_CLIENT_DONE 9
T006_CLIENT_DONE 10
T006_CLIENT_DONE 11
T006_CLIENT_DONE 12
T006_CLIENT_DONE 13
T006_CLIENT_DONE 14
T006_CLIENT_DONE 15
T006_CLIENT_DONE 16
T006_CLIENT_DONE 17
T006_CLIENT_DONE 18
T006_CLIENT_DONE 19
T006_CLIENT_DONE 20
T006_CLIENT_DONE 21
T006_CLIENT_DONE 22
T006_CLIENT_DONE 23
T006_CLIENT_DONE 24
T006_CLIENT_DONE 25
T006_CLIENT_DONE 26
T006_CLIENT_DONE 27
T006_CLIENT_DONE 28
T006_CLIENT_DONE 29
T006_CLIENT_DONE 30
T006_CLIENT_DONE 31
T006_CLIENT_DONE 32
T006_CLIENT_DONE 33
T006_CLIENT_DONE 34
T006_CLIENT_DONE 35
T006_CLIENT_DONE 36
T006_CLIENT_DONE 37
T006_CLIENT_DONE 38
T006_CLIENT_DONE 39
T006_CLIENT_DONE 40
T006_CLIENT_DONE 41
T006_CLIENT_DONE 42
T006_CLIENT_DONE 43
T006_CLIENT_DONE 44
T006_CLIENT_DONE 45
T006_CLIENT_DONE 46
T006_CLIENT_DONE 47
T006_CLIENT_DONE 48
T006_CLIENT_DONE 49
T006_CLIENT_DONE 50
T006_CLIENT_DONE 51
T006_CLIENT_DONE 52
T006_CLIENT_DONE 53
T006_CLIENT_DONE 54
T006_CLIENT_DONE 55
T006_CLIENT_DONE 56
T006_CLIENT_DONE 57
T006_CLIENT_DONE 58
T006_CLIENT_DONE 59
T006_CLIENT_DONE 60
T006_CLIENT_DONE 61
T006_CLIENT_DONE 62
T006_CLIENT_DONE 63
T006_CLIENT_DONE 64
T006_CLIENT_DONE 65
T006_CLIENT_DONE 66
T006_CLIENT_DONE 67
T006_CLIENT_DONE 68
T006_CLIENT_DONE 69
T006_CLIENT_DONE 70
T006_CLIENT_DONE 71
T006_CLIENT_DONE 72
T006_CLIENT_DONE 73
T006_CLIENT_DONE 74
T006_CLIENT_DONE 75
T006_CLIENT_DONE 76
T006_CLIENT_DONE 77
T006_CLIENT_DONE 78
T006_CLIENT_DONE 79
T006_CLIENT_DONE 80
T006_CLIENT_DONE 81
T006_CLIENT_DONE 82
T006_CLIENT_DONE 83
T006_CLIENT_DONE 84
T006_CLIENT_DONE 85
T006_CLIENT_DONE 86
T006_CLIENT_DONE 87
T006_CLIENT_DONE 88
T006_CLIENT_DONE 89
T006_CLIENT_DONE 90
T006_CLIENT_DONE 91
T006_CLIENT_DONE 92
T006_CLIENT_DONE 93
T006_CLIENT_DONE 94
T006_CLIENT_DONE 95
T006_CLIENT_DONE 96
T006_CLIENT_DONE 97
T006_CLIENT_DONE 98
T006_CLIENT_DONE 99
T006_EVALUATION_DONE {"records": 5600, "new_writer_episodes": 4000, "focused_old_writer_regressions": 24, "old_prediction_regression_exact": true, "old_condition_accuracy_max_error_pp": 0.0, "all_derangements": true, "target_multisets_exact_ids_images_features": true, "labels_only_control_construction": true, "labels_query_excluded_from_writer": true, "high_ge_low_each_client": true, "deterministic_random_offsets": true, "support_query_overlap": 0, "model_unchanged_each_episode": true, "zero_state_exact": true, "nonfinite_count": 0, "prediction_max_error_pp": 6.471361430726574e-06, "cap_gt10pct_layer_episodes": 9}
[autodl] finished_at=2026-09-13T18:34:05+08:00
[autodl] exit_code=0
