[autodl] run_id=20260914-154818-ttfl-t020
[autodl] started_at=2026-09-14T15:48:24+08:00
test_boundary_optima (test_active_set_cls.ActiveSetTest.test_boundary_optima) ... ok
test_cached_matrices_many_rhs (test_active_set_cls.ActiveSetTest.test_cached_matrices_many_rhs) ... ok
test_frozen_cached_inverse_blocker (test_active_set_cls.ActiveSetTest.test_frozen_cached_inverse_blocker) ... ok
test_full_rank_noise_free (test_active_set_cls.ActiveSetTest.test_full_rank_noise_free) ... ok
test_ill_conditioned_reference_and_insert_remove (test_active_set_cls.ActiveSetTest.test_ill_conditioned_reference_and_insert_remove) ... ok
test_bn_only_moments (test_affine.AffineTest.test_bn_only_moments) ... ok
test_neutral_logits (test_affine.AffineTest.test_neutral_logits) ... ok
test_only_fast_state_and_reset (test_affine.AffineTest.test_only_fast_state_and_reset) ... ok
test_same_checkpoint_all_methods (test_affine.AffineTest.test_same_checkpoint_all_methods) ... ok
test_fixed_selectors (test_amplitude_ray.AmplitudeRayTest.test_fixed_selectors) ... ok
test_scaling_endpoints_and_immutability (test_amplitude_ray.AmplitudeRayTest.test_scaling_endpoints_and_immutability) ... ok
test_disjoint_balanced_spread_order_independent (test_balanced_pool.BalancedPoolTest.test_disjoint_balanced_spread_order_independent) ... ok
test_exact_semantic_controls (test_balanced_pool.BalancedPoolTest.test_exact_semantic_controls) ... ok
test_train_checkpoint_and_metrics (test_baseline.BaselineTest.test_train_checkpoint_and_metrics) ... ok
test_exact_integer_utility (test_bootstrap_regret.BootstrapRegretTest.test_exact_integer_utility) ... ok
test_exact_ties (test_bootstrap_regret.BootstrapRegretTest.test_exact_ties) ... ok
test_expected_regret_equivalence (test_bootstrap_regret.BootstrapRegretTest.test_expected_regret_equivalence) ... ok
test_label_blindness (test_bootstrap_regret.BootstrapRegretTest.test_label_blindness) ... ok
test_preparation_has_no_privileged_query_reader (test_bootstrap_regret.BootstrapRegretTest.test_preparation_has_no_privileged_query_reader) ... ok
test_seed_and_positions (test_bootstrap_regret.BootstrapRegretTest.test_seed_and_positions) ... ok
test_source_dispatch_only_fixed_ids (test_bootstrap_regret.BootstrapRegretTest.test_source_dispatch_only_fixed_ids) ... ok
test_stability_detects_switch (test_bootstrap_regret.BootstrapRegretTest.test_stability_detects_switch) ... ok
test_clean_controls_and_no_eval_api (test_class_factorization.ClassFactorizationTest.test_clean_controls_and_no_eval_api) ... ok
test_leave_one_out_changes (test_class_factorization.ClassFactorizationTest.test_leave_one_out_changes) ... ok
test_zero_denominator_observed_contract (test_class_factorization.ClassFactorizationTest.test_zero_denominator_observed_contract) ... ok
test_known_confusion_recovery (test_confusion_prevalence.ConfusionPrevalenceTest.test_known_confusion_recovery) ... ok
test_raw_logits_baseline (test_confusion_prevalence.ConfusionPrevalenceTest.test_raw_logits_baseline) ... ok
test_simplex (test_confusion_prevalence.ConfusionPrevalenceTest.test_simplex) ... ok
test_soft_channel_and_label_isolation (test_confusion_prevalence.ConfusionPrevalenceTest.test_soft_channel_and_label_isolation) ... ok
test_source_branch_no_hidden_context (test_confusion_prevalence.ConfusionPrevalenceTest.test_source_branch_no_hidden_context) ... ok
test_target_exclusion_and_exact_columns (test_confusion_prevalence.ConfusionPrevalenceTest.test_target_exclusion_and_exact_columns) ... ok
test_deterministic_and_inputs_unchanged (test_constrained_prevalence.ConstrainedPrevalenceTest.test_deterministic_and_inputs_unchanged) ... ok
test_exact_tie_and_no_model_calls (test_constrained_prevalence.ConstrainedPrevalenceTest.test_exact_tie_and_no_model_calls) ... ok
test_independent_face_solution (test_constrained_prevalence.ConstrainedPrevalenceTest.test_independent_face_solution) ... ok
test_noise_free (test_constrained_prevalence.ConstrainedPrevalenceTest.test_noise_free) ... ok
test_objective_dominance (test_constrained_prevalence.ConstrainedPrevalenceTest.test_objective_dominance) ... ok
test_projection_unchanged (test_constrained_prevalence.ConstrainedPrevalenceTest.test_projection_unchanged) ... ok
test_raw_prevalence_selection_no_override (test_constrained_prevalence.ConstrainedPrevalenceTest.test_raw_prevalence_selection_no_override) ... ok
test_simplex (test_constrained_prevalence.ConstrainedPrevalenceTest.test_simplex) ... ok
test_deterministic_by_sample_not_order_and_no_mutation (test_covariate.CovariateTest.test_deterministic_by_sample_not_order_and_no_mutation) ... ok
test_formulas_and_identity (test_covariate.CovariateTest.test_formulas_and_identity) ... ok
test_weighted_gate_and_paired_summary (test_covariate.CovariateTest.test_weighted_gate_and_paired_summary) ... ok
test_balanced_and_disjoint (test_data.DataTest.test_balanced_and_disjoint) ... ok
test_preprocess (test_data.DataTest.test_preprocess) ... ok
test_equal_client_leave_one_out_and_ties (test_disjoint_factorization.DisjointFactorizationTest.test_equal_client_leave_one_out_and_ties) ... ok
test_label_blind_partition (test_disjoint_factorization.DisjointFactorizationTest.test_label_blind_partition) ... ok
test_aggregate_tables_exact (test_historical_replay.HistoricalReplayTest.test_aggregate_tables_exact) ... ok
test_identical_rows (test_historical_replay.HistoricalReplayTest.test_identical_rows) ... ok
test_large_JS_fails (test_historical_replay.HistoricalReplayTest.test_large_JS_fails) ... ok
test_non_JS_numeric_string_fails (test_historical_replay.HistoricalReplayTest.test_non_JS_numeric_string_fails) ... ok
test_nonfinite_JS_fails (test_historical_replay.HistoricalReplayTest.test_nonfinite_JS_fails) ... ok
test_order_and_identifiers_fail (test_historical_replay.HistoricalReplayTest.test_order_and_identifiers_fail) ... ok
test_roundoff_JS_only (test_historical_replay.HistoricalReplayTest.test_roundoff_JS_only) ... ok
test_schema_and_row_count_exact (test_historical_replay.HistoricalReplayTest.test_schema_and_row_count_exact) ... ok
test_retrieval_both_bounds_and_nonpositive_gain (test_identification_gates.IdentificationGateTest.test_retrieval_both_bounds_and_nonpositive_gain) ... ok
test_total_and_per_context (test_identification_gates.IdentificationGateTest.test_total_and_per_context) ... ok
test_average_and_simplex (test_matched_channel.MatchedChannelTest.test_average_and_simplex) ... ok
test_composition_fixed (test_matched_channel.MatchedChannelTest.test_composition_fixed) ... ok
test_exact_template_and_count_lookup (test_matched_channel.MatchedChannelTest.test_exact_template_and_count_lookup) ... ok
test_mismatch_percentile (test_matched_channel.MatchedChannelTest.test_mismatch_percentile) ... ok
test_no_model_or_artifact_mutation (test_matched_channel.MatchedChannelTest.test_no_model_or_artifact_mutation) ... ok
test_noise_free_full_rank (test_matched_channel.MatchedChannelTest.test_noise_free_full_rank) ... ok
test_pool_means (test_matched_channel.MatchedChannelTest.test_pool_means) ... ok
test_seeded_bootstrap (test_matched_channel.MatchedChannelTest.test_seeded_bootstrap) ... ok
test_target_pool_exclusion (test_matched_channel.MatchedChannelTest.test_target_pool_exclusion) ... ok
test_clamp_and_constant_variance (test_moments.MomentsTest.test_clamp_and_constant_variance) ... ok
test_reference_stream_matches_direct (test_moments.MomentsTest.test_reference_stream_matches_direct) ... ok
test_sequential_formula_frozen_no_labels_or_optimizer (test_moments.MomentsTest.test_sequential_formula_frozen_no_labels_or_optimizer) ... ok
test_clean_half_point (test_natural_gates.NaturalGateTest.test_clean_half_point) ... ok
test_total_and_context_floor (test_natural_gates.NaturalGateTest.test_total_and_context_floor) ... ok
test_common_prefix_and_unavailable_size (test_natural_support.NaturalSupportTest.test_common_prefix_and_unavailable_size) ... ok
test_common_size_exclusions_and_determinism (test_natural_support.NaturalSupportTest.test_common_size_exclusions_and_determinism) ... ok
test_exact_identity_three_variances (test_neutral_oracle.NeutralOracleTest.test_exact_identity_three_variances) ... ok
test_known_residual_and_cap (test_neutral_oracle.NeutralOracleTest.test_known_residual_and_cap) ... ok
test_model_identity_and_sequential_contract (test_neutral_oracle.NeutralOracleTest.test_model_identity_and_sequential_contract) ... ok
test_integer_lookup_exact_fraction_equivalence (test_noise_free_ties.NoiseFreeTieTest.test_integer_lookup_exact_fraction_equivalence) ... ok
test_integer_lookup_exact_tie (test_noise_free_ties.NoiseFreeTieTest.test_integer_lookup_exact_tie) ... ok
test_no_mutation (test_noise_free_ties.NoiseFreeTieTest.test_no_mutation) ... ok
test_nonzero_exact_regret_fails (test_noise_free_ties.NoiseFreeTieTest.test_nonzero_exact_regret_fails) ... ok
test_outside_argmax_fails (test_noise_free_ties.NoiseFreeTieTest.test_outside_argmax_fails) ... ok
test_perturbation_within_exact_set (test_noise_free_ties.NoiseFreeTieTest.test_perturbation_within_exact_set) ... ok
test_singleton_exact_identity (test_noise_free_ties.NoiseFreeTieTest.test_singleton_exact_identity) ... ok
test_all_repaired_identity (test_observation_audit.ObservationAuditTest.test_all_repaired_identity) ... ok
test_count_conditioning_and_target_exclusion (test_observation_audit.ObservationAuditTest.test_count_conditioning_and_target_exclusion) ... ok
test_decomposition_and_absent_classes (test_observation_audit.ObservationAuditTest.test_decomposition_and_absent_classes) ... ok
test_no_mutation (test_observation_audit.ObservationAuditTest.test_no_mutation) ... ok
test_percentile_strict (test_observation_audit.ObservationAuditTest.test_percentile_strict) ... ok
test_seed_exact (test_observation_audit.ObservationAuditTest.test_seed_exact) ... ok
test_source_id_pairing (test_observation_audit.ObservationAuditTest.test_source_id_pairing) ... ok
test_identity_formula_and_constant (test_paired_oracle.PairedOracleTest.test_identity_formula_and_constant) ... ok
test_known_affine_and_cap (test_paired_oracle.PairedOracleTest.test_known_affine_and_cap) ... ok
test_sequential_frozen_api (test_paired_oracle.PairedOracleTest.test_sequential_frozen_api) ... ok
test_derangement_deterministic_label_free (test_pairing.PairingTest.test_derangement_deterministic_label_free) ... ok
test_target_multiset_both_layers_preserved (test_pairing.PairingTest.test_target_multiset_both_layers_preserved) ... ok
test_four_shapes_neutral_frozen_and_classes (test_pfllib_operator.PFLModelTest.test_four_shapes_neutral_frozen_and_classes) ... ok
test_support_only_high_numbered_classes (test_pfllib_operator.PFLModelTest.test_support_only_high_numbered_classes) ... ok
test_admissibility_and_fixed_tie (test_prediction_consistency.PredictionConsistencyTest.test_admissibility_and_fixed_tie) ... ok
test_js_known_values (test_prediction_consistency.PredictionConsistencyTest.test_js_known_values) ... ok
test_zero_determinism_immutability (test_prediction_consistency.PredictionConsistencyTest.test_zero_determinism_immutability) ... ok
test_choice_no_labels_and_exact_ties (test_semantic_mixture.SemanticMixtureTest.test_choice_no_labels_and_exact_ties) ... ok
test_clean_zero_and_determinism (test_semantic_mixture.SemanticMixtureTest.test_clean_zero_and_determinism) ... ok
test_normalization_branch_isolation (test_semantic_mixture.SemanticMixtureTest.test_normalization_branch_isolation) ... ok
test_privileged_phase_requires_frozen_choices (test_semantic_mixture.SemanticMixtureTest.test_privileged_phase_requires_frozen_choices) ... ok
test_extrema_ties_and_target_histogram (test_semantic_pairing.SemanticPairingTest.test_extrema_ties_and_target_histogram) ... ok
test_random_distinct_deterministic_label_independent (test_semantic_pairing.SemanticPairingTest.test_random_distinct_deterministic_label_independent) ... ok
test_correlation_constant_and_centered_example (test_semantic_summary.SemanticSummaryTest.test_correlation_constant_and_centered_example) ... ok
test_tau_and_strict_marginal_bounds (test_semantic_summary.SemanticSummaryTest.test_tau_and_strict_marginal_bounds) ... ok
test_exact_bank_reference_zero_and_heldout_formula (test_source_signature.SourceSignatureTest.test_exact_bank_reference_zero_and_heldout_formula) ... ok
test_microbatch_partition_exact_and_ordered (test_source_signature.SourceSignatureTest.test_microbatch_partition_exact_and_ordered) ... ok
test_squared_distance_margin_and_tie_order (test_source_signature.SourceSignatureTest.test_squared_distance_margin_and_tie_order) ... ok
test_sequential_path_and_immutability (test_state_consistency.StateConsistencyTest.test_sequential_path_and_immutability) ... ok
test_zero_first_tie_order (test_state_consistency.StateConsistencyTest.test_zero_first_tie_order) ... ok
test_zero_signature_and_score_exact (test_state_consistency.StateConsistencyTest.test_zero_signature_and_score_exact) ... ok
test_nonpositive_headroom_and_half_point_floor (test_transfer_gate.TransferGateTest.test_nonpositive_headroom_and_half_point_floor) ... ok
test_recovery_and_both_context_margins (test_transfer_gate.TransferGateTest.test_recovery_and_both_context_margins) ... ok

----------------------------------------------------------------------
Ran 115 tests in 1.944s

OK
T020_CLIENT 0 seconds 2.4
T020_CLIENT 1 seconds 3.5
T020_CLIENT 2 seconds 4.4
T020_CLIENT 3 seconds 5.3
T020_CLIENT 4 seconds 6.4
T020_CLIENT 5 seconds 7.3
T020_CLIENT 6 seconds 8.4
T020_CLIENT 7 seconds 9.3
T020_CLIENT 8 seconds 10.2
T020_CLIENT 9 seconds 11.2
T020_CLIENT 10 seconds 12.2
T020_CLIENT 11 seconds 13.2
T020_CLIENT 12 seconds 14.0
T020_CLIENT 13 seconds 15.0
T020_CLIENT 14 seconds 15.8
T020_CLIENT 15 seconds 16.7
T020_CLIENT 16 seconds 17.6
T020_CLIENT 17 seconds 18.5
T020_CLIENT 18 seconds 19.3
T020_CLIENT 19 seconds 20.4
T020_CLIENT 20 seconds 21.2
T020_CLIENT 21 seconds 22.2
T020_CLIENT 22 seconds 23.2
T020_CLIENT 23 seconds 24.1
T020_CLIENT 24 seconds 25.2
T020_CLIENT 25 seconds 26.1
T020_CLIENT 26 seconds 27.0
T020_CLIENT 27 seconds 27.8
T020_CLIENT 28 seconds 28.8
T020_CLIENT 29 seconds 29.5
T020_CLIENT 30 seconds 30.4
T020_CLIENT 31 seconds 31.1
T020_CLIENT 32 seconds 32.1
T020_CLIENT 33 seconds 33.2
T020_CLIENT 34 seconds 34.3
T020_CLIENT 35 seconds 35.0
T020_CLIENT 36 seconds 36.0
T020_CLIENT 37 seconds 37.1
T020_CLIENT 38 seconds 37.9
T020_CLIENT 39 seconds 38.8
T020_CLIENT 40 seconds 39.7
T020_CLIENT 41 seconds 40.7
T020_CLIENT 42 seconds 41.6
T020_CLIENT 43 seconds 42.6
T020_CLIENT 44 seconds 43.5
T020_CLIENT 45 seconds 44.4
T020_CLIENT 46 seconds 45.2
T020_CLIENT 47 seconds 46.3
T020_CLIENT 48 seconds 47.3
T020_CLIENT 49 seconds 48.4
T020_CLIENT 50 seconds 49.5
T020_CLIENT 51 seconds 50.6
T020_CLIENT 52 seconds 51.5
T020_CLIENT 53 seconds 52.4
T020_CLIENT 54 seconds 53.3
T020_CLIENT 55 seconds 54.2
T020_CLIENT 56 seconds 55.3
T020_CLIENT 57 seconds 56.5
T020_CLIENT 58 seconds 57.4
T020_CLIENT 59 seconds 58.2
T020_CLIENT 60 seconds 59.1
T020_CLIENT 61 seconds 60.0
T020_CLIENT 62 seconds 61.0
T020_CLIENT 63 seconds 61.9
T020_CLIENT 64 seconds 63.0
T020_CLIENT 65 seconds 64.1
T020_CLIENT 66 seconds 65.0
T020_CLIENT 67 seconds 66.0
T020_CLIENT 68 seconds 67.1
T020_CLIENT 69 seconds 68.1
T020_CLIENT 70 seconds 69.0
T020_CLIENT 71 seconds 70.1
T020_CLIENT 72 seconds 71.0
T020_CLIENT 73 seconds 71.9
T020_CLIENT 74 seconds 72.6
T020_CLIENT 75 seconds 73.7
T020_CLIENT 76 seconds 74.7
T020_CLIENT 77 seconds 75.6
T020_CLIENT 78 seconds 76.6
T020_CLIENT 79 seconds 77.6
T020_CLIENT 80 seconds 78.3
T020_CLIENT 81 seconds 79.3
T020_CLIENT 82 seconds 80.3
T020_CLIENT 83 seconds 81.3
T020_CLIENT 84 seconds 82.2
T020_CLIENT 85 seconds 83.0
T020_CLIENT 86 seconds 84.0
T020_CLIENT 87 seconds 84.9
T020_CLIENT 88 seconds 85.8
T020_CLIENT 89 seconds 86.8
T020_CLIENT 90 seconds 87.7
T020_CLIENT 91 seconds 88.6
T020_CLIENT 92 seconds 89.4
T020_CLIENT 93 seconds 90.4
T020_CLIENT 94 seconds 91.3
T020_CLIENT 95 seconds 92.2
T020_CLIENT 96 seconds 93.2
T020_CLIENT 97 seconds 94.0
T020_CLIENT 98 seconds 95.0
T020_CLIENT 99 seconds 96.1
T020_PREPARATION_RESULT {"status": "MONTE_CARLO_INSTABILITY", "runtime": "29d8443cf698014ec3f938e598e2633381941e77", "seconds": 99.22878551483154, "numpy_version": "2.5.3", "global_128_256_agreement": 0.9795, "global_pass": false, "all_bank_context_groups_pass": false, "disagreements": 164, "total_choices": 8000, "max_mean_utility_difference": 0.02955794683885855, "max_vote_frequency_difference": 0.1171875, "BER_REGRET_A": "NOT_EXECUTED", "BER_CAP_A": "NOT_EXECUTED", "BER_SRC_A": "NOT_EXECUTED", "scientific_diagnosis": "NOT_ASSIGNED", "labels_opened": false, "query_outcomes_opened": false, "new_model_forwards": 0, "source_hashes_unchanged": true}
Traceback (most recent call last):
  File "/home/wenchang/asdasdsad/wjq/TTFL/releases/20260914-154738-ttfl-t020/scripts/eval_t020.py", line 91, in <module>
    if __name__=='__main__':main()
                            ^^^^^^
  File "/home/wenchang/asdasdsad/wjq/TTFL/releases/20260914-154738-ttfl-t020/scripts/eval_t020.py", line 88, in main
    assert passed,'Mandatory fixed-R Monte Carlo stability failed; stop before labels/query outcomes'
           ^^^^^^
AssertionError: Mandatory fixed-R Monte Carlo stability failed; stop before labels/query outcomes
[autodl] finished_at=2026-09-14T15:50:09+08:00
[autodl] exit_code=1
