[autodl] run_id=20260914-145145-ttfl-t019
[autodl] started_at=2026-09-14T14:51:52+08:00
test_boundary_optima (test_active_set_cls.ActiveSetTest.test_boundary_optima) ... ok
test_cached_matrices_many_rhs (test_active_set_cls.ActiveSetTest.test_cached_matrices_many_rhs) ... ok
test_frozen_cached_inverse_blocker (test_active_set_cls.ActiveSetTest.test_frozen_cached_inverse_blocker) ... ok
test_full_rank_noise_free (test_active_set_cls.ActiveSetTest.test_full_rank_noise_free) ... ok
test_ill_conditioned_reference_and_insert_remove (test_active_set_cls.ActiveSetTest.test_ill_conditioned_reference_and_insert_remove) ... ok
test_bn_only_moments (test_affine.AffineTest.test_bn_only_moments) ... ok
test_neutral_logits (test_affine.AffineTest.test_neutral_logits) ... ok
test_only_fast_state_and_reset (test_affine.AffineTest.test_only_fast_state_and_reset) ... ok
test_same_checkpoint_all_methods (test_affine.AffineTest.test_same_checkpoint_all_methods) ... ok
test_fixed_selectors (test_amplitude_ray.AmplitudeRayTest.test_fixed_selectors) ... ok
test_scaling_endpoints_and_immutability (test_amplitude_ray.AmplitudeRayTest.test_scaling_endpoints_and_immutability) ... ok
test_disjoint_balanced_spread_order_independent (test_balanced_pool.BalancedPoolTest.test_disjoint_balanced_spread_order_independent) ... ok
test_exact_semantic_controls (test_balanced_pool.BalancedPoolTest.test_exact_semantic_controls) ... ok
test_train_checkpoint_and_metrics (test_baseline.BaselineTest.test_train_checkpoint_and_metrics) ... ok
test_clean_controls_and_no_eval_api (test_class_factorization.ClassFactorizationTest.test_clean_controls_and_no_eval_api) ... ok
test_leave_one_out_changes (test_class_factorization.ClassFactorizationTest.test_leave_one_out_changes) ... ok
test_zero_denominator_observed_contract (test_class_factorization.ClassFactorizationTest.test_zero_denominator_observed_contract) ... ok
test_known_confusion_recovery (test_confusion_prevalence.ConfusionPrevalenceTest.test_known_confusion_recovery) ... ok
test_raw_logits_baseline (test_confusion_prevalence.ConfusionPrevalenceTest.test_raw_logits_baseline) ... ok
test_simplex (test_confusion_prevalence.ConfusionPrevalenceTest.test_simplex) ... ok
test_soft_channel_and_label_isolation (test_confusion_prevalence.ConfusionPrevalenceTest.test_soft_channel_and_label_isolation) ... ok
test_source_branch_no_hidden_context (test_confusion_prevalence.ConfusionPrevalenceTest.test_source_branch_no_hidden_context) ... ok
test_target_exclusion_and_exact_columns (test_confusion_prevalence.ConfusionPrevalenceTest.test_target_exclusion_and_exact_columns) ... ok
test_deterministic_and_inputs_unchanged (test_constrained_prevalence.ConstrainedPrevalenceTest.test_deterministic_and_inputs_unchanged) ... ok
test_exact_tie_and_no_model_calls (test_constrained_prevalence.ConstrainedPrevalenceTest.test_exact_tie_and_no_model_calls) ... ok
test_independent_face_solution (test_constrained_prevalence.ConstrainedPrevalenceTest.test_independent_face_solution) ... ok
test_noise_free (test_constrained_prevalence.ConstrainedPrevalenceTest.test_noise_free) ... ok
test_objective_dominance (test_constrained_prevalence.ConstrainedPrevalenceTest.test_objective_dominance) ... ok
test_projection_unchanged (test_constrained_prevalence.ConstrainedPrevalenceTest.test_projection_unchanged) ... ok
test_raw_prevalence_selection_no_override (test_constrained_prevalence.ConstrainedPrevalenceTest.test_raw_prevalence_selection_no_override) ... ok
test_simplex (test_constrained_prevalence.ConstrainedPrevalenceTest.test_simplex) ... ok
test_deterministic_by_sample_not_order_and_no_mutation (test_covariate.CovariateTest.test_deterministic_by_sample_not_order_and_no_mutation) ... ok
test_formulas_and_identity (test_covariate.CovariateTest.test_formulas_and_identity) ... ok
test_weighted_gate_and_paired_summary (test_covariate.CovariateTest.test_weighted_gate_and_paired_summary) ... ok
test_balanced_and_disjoint (test_data.DataTest.test_balanced_and_disjoint) ... ok
test_preprocess (test_data.DataTest.test_preprocess) ... ok
test_equal_client_leave_one_out_and_ties (test_disjoint_factorization.DisjointFactorizationTest.test_equal_client_leave_one_out_and_ties) ... ok
test_label_blind_partition (test_disjoint_factorization.DisjointFactorizationTest.test_label_blind_partition) ... ok
test_aggregate_tables_exact (test_historical_replay.HistoricalReplayTest.test_aggregate_tables_exact) ... ok
test_identical_rows (test_historical_replay.HistoricalReplayTest.test_identical_rows) ... ok
test_large_JS_fails (test_historical_replay.HistoricalReplayTest.test_large_JS_fails) ... ok
test_non_JS_numeric_string_fails (test_historical_replay.HistoricalReplayTest.test_non_JS_numeric_string_fails) ... ok
test_nonfinite_JS_fails (test_historical_replay.HistoricalReplayTest.test_nonfinite_JS_fails) ... ok
test_order_and_identifiers_fail (test_historical_replay.HistoricalReplayTest.test_order_and_identifiers_fail) ... ok
test_roundoff_JS_only (test_historical_replay.HistoricalReplayTest.test_roundoff_JS_only) ... ok
test_schema_and_row_count_exact (test_historical_replay.HistoricalReplayTest.test_schema_and_row_count_exact) ... ok
test_retrieval_both_bounds_and_nonpositive_gain (test_identification_gates.IdentificationGateTest.test_retrieval_both_bounds_and_nonpositive_gain) ... ok
test_total_and_per_context (test_identification_gates.IdentificationGateTest.test_total_and_per_context) ... ok
test_average_and_simplex (test_matched_channel.MatchedChannelTest.test_average_and_simplex) ... ok
test_composition_fixed (test_matched_channel.MatchedChannelTest.test_composition_fixed) ... ok
test_exact_template_and_count_lookup (test_matched_channel.MatchedChannelTest.test_exact_template_and_count_lookup) ... ok
test_mismatch_percentile (test_matched_channel.MatchedChannelTest.test_mismatch_percentile) ... ok
test_no_model_or_artifact_mutation (test_matched_channel.MatchedChannelTest.test_no_model_or_artifact_mutation) ... ok
test_noise_free_full_rank (test_matched_channel.MatchedChannelTest.test_noise_free_full_rank) ... ok
test_pool_means (test_matched_channel.MatchedChannelTest.test_pool_means) ... ok
test_seeded_bootstrap (test_matched_channel.MatchedChannelTest.test_seeded_bootstrap) ... ok
test_target_pool_exclusion (test_matched_channel.MatchedChannelTest.test_target_pool_exclusion) ... ok
test_clamp_and_constant_variance (test_moments.MomentsTest.test_clamp_and_constant_variance) ... ok
test_reference_stream_matches_direct (test_moments.MomentsTest.test_reference_stream_matches_direct) ... ok
test_sequential_formula_frozen_no_labels_or_optimizer (test_moments.MomentsTest.test_sequential_formula_frozen_no_labels_or_optimizer) ... ok
test_clean_half_point (test_natural_gates.NaturalGateTest.test_clean_half_point) ... ok
test_total_and_context_floor (test_natural_gates.NaturalGateTest.test_total_and_context_floor) ... ok
test_common_prefix_and_unavailable_size (test_natural_support.NaturalSupportTest.test_common_prefix_and_unavailable_size) ... ok
test_common_size_exclusions_and_determinism (test_natural_support.NaturalSupportTest.test_common_size_exclusions_and_determinism) ... ok
test_exact_identity_three_variances (test_neutral_oracle.NeutralOracleTest.test_exact_identity_three_variances) ... ok
test_known_residual_and_cap (test_neutral_oracle.NeutralOracleTest.test_known_residual_and_cap) ... ok
test_model_identity_and_sequential_contract (test_neutral_oracle.NeutralOracleTest.test_model_identity_and_sequential_contract) ... ok
test_integer_lookup_exact_fraction_equivalence (test_noise_free_ties.NoiseFreeTieTest.test_integer_lookup_exact_fraction_equivalence) ... ok
test_integer_lookup_exact_tie (test_noise_free_ties.NoiseFreeTieTest.test_integer_lookup_exact_tie) ... ok
test_no_mutation (test_noise_free_ties.NoiseFreeTieTest.test_no_mutation) ... ok
test_nonzero_exact_regret_fails (test_noise_free_ties.NoiseFreeTieTest.test_nonzero_exact_regret_fails) ... ok
test_outside_argmax_fails (test_noise_free_ties.NoiseFreeTieTest.test_outside_argmax_fails) ... ok
test_perturbation_within_exact_set (test_noise_free_ties.NoiseFreeTieTest.test_perturbation_within_exact_set) ... ok
test_singleton_exact_identity (test_noise_free_ties.NoiseFreeTieTest.test_singleton_exact_identity) ... ok
test_all_repaired_identity (test_observation_audit.ObservationAuditTest.test_all_repaired_identity) ... ok
test_count_conditioning_and_target_exclusion (test_observation_audit.ObservationAuditTest.test_count_conditioning_and_target_exclusion) ... ok
test_decomposition_and_absent_classes (test_observation_audit.ObservationAuditTest.test_decomposition_and_absent_classes) ... ok
test_no_mutation (test_observation_audit.ObservationAuditTest.test_no_mutation) ... ok
test_percentile_strict (test_observation_audit.ObservationAuditTest.test_percentile_strict) ... ok
test_seed_exact (test_observation_audit.ObservationAuditTest.test_seed_exact) ... ok
test_source_id_pairing (test_observation_audit.ObservationAuditTest.test_source_id_pairing) ... ok
test_identity_formula_and_constant (test_paired_oracle.PairedOracleTest.test_identity_formula_and_constant) ... ok
test_known_affine_and_cap (test_paired_oracle.PairedOracleTest.test_known_affine_and_cap) ... ok
test_sequential_frozen_api (test_paired_oracle.PairedOracleTest.test_sequential_frozen_api) ... ok
test_derangement_deterministic_label_free (test_pairing.PairingTest.test_derangement_deterministic_label_free) ... ok
test_target_multiset_both_layers_preserved (test_pairing.PairingTest.test_target_multiset_both_layers_preserved) ... ok
test_four_shapes_neutral_frozen_and_classes (test_pfllib_operator.PFLModelTest.test_four_shapes_neutral_frozen_and_classes) ... ok
test_support_only_high_numbered_classes (test_pfllib_operator.PFLModelTest.test_support_only_high_numbered_classes) ... ok
test_admissibility_and_fixed_tie (test_prediction_consistency.PredictionConsistencyTest.test_admissibility_and_fixed_tie) ... ok
test_js_known_values (test_prediction_consistency.PredictionConsistencyTest.test_js_known_values) ... ok
test_zero_determinism_immutability (test_prediction_consistency.PredictionConsistencyTest.test_zero_determinism_immutability) ... ok
test_choice_no_labels_and_exact_ties (test_semantic_mixture.SemanticMixtureTest.test_choice_no_labels_and_exact_ties) ... ok
test_clean_zero_and_determinism (test_semantic_mixture.SemanticMixtureTest.test_clean_zero_and_determinism) ... ok
test_normalization_branch_isolation (test_semantic_mixture.SemanticMixtureTest.test_normalization_branch_isolation) ... ok
test_privileged_phase_requires_frozen_choices (test_semantic_mixture.SemanticMixtureTest.test_privileged_phase_requires_frozen_choices) ... ok
test_extrema_ties_and_target_histogram (test_semantic_pairing.SemanticPairingTest.test_extrema_ties_and_target_histogram) ... ok
test_random_distinct_deterministic_label_independent (test_semantic_pairing.SemanticPairingTest.test_random_distinct_deterministic_label_independent) ... ok
test_correlation_constant_and_centered_example (test_semantic_summary.SemanticSummaryTest.test_correlation_constant_and_centered_example) ... ok
test_tau_and_strict_marginal_bounds (test_semantic_summary.SemanticSummaryTest.test_tau_and_strict_marginal_bounds) ... ok
test_exact_bank_reference_zero_and_heldout_formula (test_source_signature.SourceSignatureTest.test_exact_bank_reference_zero_and_heldout_formula) ... ok
test_microbatch_partition_exact_and_ordered (test_source_signature.SourceSignatureTest.test_microbatch_partition_exact_and_ordered) ... ok
test_squared_distance_margin_and_tie_order (test_source_signature.SourceSignatureTest.test_squared_distance_margin_and_tie_order) ... ok
test_sequential_path_and_immutability (test_state_consistency.StateConsistencyTest.test_sequential_path_and_immutability) ... ok
test_zero_first_tie_order (test_state_consistency.StateConsistencyTest.test_zero_first_tie_order) ... ok
test_zero_signature_and_score_exact (test_state_consistency.StateConsistencyTest.test_zero_signature_and_score_exact) ... ok
test_nonpositive_headroom_and_half_point_floor (test_transfer_gate.TransferGateTest.test_nonpositive_headroom_and_half_point_floor) ... ok
test_recovery_and_both_context_margins (test_transfer_gate.TransferGateTest.test_recovery_and_both_context_margins) ... ok

----------------------------------------------------------------------
Ran 107 tests in 1.802s

OK
T019_PHASE_A_PASS
T019_NULL_CLIENT 0 seconds 12.1
T019_NULL_CLIENT 1 seconds 13.8
T019_NULL_CLIENT 2 seconds 15.6
T019_NULL_CLIENT 3 seconds 17.0
T019_NULL_CLIENT 4 seconds 18.7
T019_NULL_CLIENT 5 seconds 20.4
T019_NULL_CLIENT 6 seconds 22.1
T019_NULL_CLIENT 7 seconds 23.8
T019_NULL_CLIENT 8 seconds 25.4
T019_NULL_CLIENT 9 seconds 27.0
T019_NULL_CLIENT 10 seconds 28.8
T019_NULL_CLIENT 11 seconds 30.4
T019_NULL_CLIENT 12 seconds 32.0
T019_NULL_CLIENT 13 seconds 33.6
T019_NULL_CLIENT 14 seconds 35.2
T019_NULL_CLIENT 15 seconds 36.8
T019_NULL_CLIENT 16 seconds 38.6
T019_NULL_CLIENT 17 seconds 40.3
T019_NULL_CLIENT 18 seconds 41.9
T019_NULL_CLIENT 19 seconds 43.6
T019_NULL_CLIENT 20 seconds 44.9
T019_NULL_CLIENT 21 seconds 46.5
T019_NULL_CLIENT 22 seconds 48.1
T019_NULL_CLIENT 23 seconds 49.9
T019_NULL_CLIENT 24 seconds 51.7
T019_NULL_CLIENT 25 seconds 53.5
T019_NULL_CLIENT 26 seconds 54.9
T019_NULL_CLIENT 27 seconds 56.3
T019_NULL_CLIENT 28 seconds 58.3
T019_NULL_CLIENT 29 seconds 59.7
T019_NULL_CLIENT 30 seconds 61.4
T019_NULL_CLIENT 31 seconds 62.7
T019_NULL_CLIENT 32 seconds 64.6
T019_NULL_CLIENT 33 seconds 66.4
T019_NULL_CLIENT 34 seconds 68.1
T019_NULL_CLIENT 35 seconds 69.6
T019_NULL_CLIENT 36 seconds 71.5
T019_NULL_CLIENT 37 seconds 73.3
T019_NULL_CLIENT 38 seconds 74.6
T019_NULL_CLIENT 39 seconds 76.1
T019_NULL_CLIENT 40 seconds 77.6
T019_NULL_CLIENT 41 seconds 79.5
T019_NULL_CLIENT 42 seconds 81.2
T019_NULL_CLIENT 43 seconds 82.9
T019_NULL_CLIENT 44 seconds 84.5
T019_NULL_CLIENT 45 seconds 86.3
T019_NULL_CLIENT 46 seconds 87.9
T019_NULL_CLIENT 47 seconds 89.8
T019_NULL_CLIENT 48 seconds 91.6
T019_NULL_CLIENT 49 seconds 93.3
T019_NULL_CLIENT 50 seconds 94.9
T019_NULL_CLIENT 51 seconds 96.7
T019_NULL_CLIENT 52 seconds 98.3
T019_NULL_CLIENT 53 seconds 99.9
T019_NULL_CLIENT 54 seconds 101.6
T019_NULL_CLIENT 55 seconds 103.0
T019_NULL_CLIENT 56 seconds 104.9
T019_NULL_CLIENT 57 seconds 106.8
T019_NULL_CLIENT 58 seconds 108.5
T019_NULL_CLIENT 59 seconds 110.3
T019_NULL_CLIENT 60 seconds 111.7
T019_NULL_CLIENT 61 seconds 113.6
T019_NULL_CLIENT 62 seconds 115.4
T019_NULL_CLIENT 63 seconds 117.1
T019_NULL_CLIENT 64 seconds 119.0
T019_NULL_CLIENT 65 seconds 120.5
T019_NULL_CLIENT 66 seconds 122.2
T019_NULL_CLIENT 67 seconds 124.1
T019_NULL_CLIENT 68 seconds 125.8
T019_NULL_CLIENT 69 seconds 127.5
T019_NULL_CLIENT 70 seconds 129.0
T019_NULL_CLIENT 71 seconds 130.8
T019_NULL_CLIENT 72 seconds 132.5
T019_NULL_CLIENT 73 seconds 134.2
T019_NULL_CLIENT 74 seconds 135.5
T019_NULL_CLIENT 75 seconds 137.3
T019_NULL_CLIENT 76 seconds 139.0
T019_NULL_CLIENT 77 seconds 140.5
T019_NULL_CLIENT 78 seconds 142.2
T019_NULL_CLIENT 79 seconds 144.0
T019_NULL_CLIENT 80 seconds 145.5
T019_NULL_CLIENT 81 seconds 147.1
T019_NULL_CLIENT 82 seconds 148.7
T019_NULL_CLIENT 83 seconds 150.4
T019_NULL_CLIENT 84 seconds 152.0
T019_NULL_CLIENT 85 seconds 153.5
T019_NULL_CLIENT 86 seconds 155.3
T019_NULL_CLIENT 87 seconds 157.0
T019_NULL_CLIENT 88 seconds 158.8
T019_NULL_CLIENT 89 seconds 160.4
T019_NULL_CLIENT 90 seconds 162.3
T019_NULL_CLIENT 91 seconds 164.1
T019_NULL_CLIENT 92 seconds 165.7
T019_NULL_CLIENT 93 seconds 167.3
T019_NULL_CLIENT 94 seconds 168.8
T019_NULL_CLIENT 95 seconds 170.5
T019_NULL_CLIENT 96 seconds 172.2
T019_NULL_CLIENT 97 seconds 174.0
T019_NULL_CLIENT 98 seconds 175.7
T019_NULL_CLIENT 99 seconds 177.8
T019_CHOICES_FROZEN 180.53470635414124
[autodl] finished_at=2026-09-14T14:54:58+08:00
[autodl] exit_code=0
