[autodl] run_id=20260914-194335-ttfl-t022-matched
[autodl] started_at=2026-09-14T19:43:39+08:00
T021_MATCHED_CONTEXT L A clean
T021_MATCHED_CONTEXT L A brightness_dark
T021_MATCHED_CONTEXT L A contrast_low
T021_MATCHED_CONTEXT L A gaussian_noise
T021_MATCHED_CONTEXT L A gaussian_blur
T021_MATCHED_CONTEXT L B clean
T021_MATCHED_CONTEXT L B brightness_dark
T021_MATCHED_CONTEXT L B contrast_low
T021_MATCHED_CONTEXT L B gaussian_noise
T021_MATCHED_CONTEXT L B gaussian_blur
T021_MATCHED_CONTEXT H A clean
T021_MATCHED_CONTEXT H A brightness_dark
T021_MATCHED_CONTEXT H A contrast_low
T021_MATCHED_CONTEXT H A gaussian_noise
T021_MATCHED_CONTEXT H A gaussian_blur
T021_MATCHED_CONTEXT H B clean
T021_MATCHED_CONTEXT H B brightness_dark
T021_MATCHED_CONTEXT H B contrast_low
T021_MATCHED_CONTEXT H B gaussian_noise
T021_MATCHED_CONTEXT H B gaussian_blur
T021_MATCHED_FROZEN 256000
[autodl] finished_at=2026-09-14T19:46:33+08:00
[autodl] exit_code=0
